[bidule@fedora35 basics]$ git init
hint: Using 'master' as the name for the initial branch. This default branch name
hint: is subject to change. To configure the initial branch name to use in all
hint: of your new repositories, which will suppress this warning, call:
hint: 
hint:   git config --global init.defaultBranch <name>
hint: 
hint: Names commonly chosen instead of 'master' are 'main', 'trunk' and
hint: 'development'. The just-created branch can be renamed via this command:
hint: 
hint:   git branch -m <name>
Initialized empty Git repository in /home/bidule/Documents/dev/tutos/git/basics/.git/
[bidule@fedora35 basics]$ 

[bidule@fedora35 basics]$ git status
On branch master

No commits yet

Untracked files:
  (use "git add <file>..." to include in what will be committed)
        doc1.txt
        notes

nothing added to commit but untracked files present (use "git add" to track)

[bidule@fedora35 basics]$ git add doc1.txt 
[bidule@fedora35 basics]$ git status
On branch master

No commits yet

Changes to be committed:
  (use "git rm --cached <file>..." to unstage)
        new file:   doc1.txt

Untracked files:
  (use "git add <file>..." to include in what will be committed)
        notes



[bidule@fedora35 basics]$ git add .
[bidule@fedora35 basics]$ git status
On branch master

No commits yet

Changes to be committed:
  (use "git rm --cached <file>..." to unstage)
        new file:   doc1.txt
        new file:   notes


[bidule@fedora35 basics]$ git commit -m "My First Commit"
[master (root-commit) ba6ba64] My First Commit
 2 files changed, 25 insertions(+)
 create mode 100644 doc1.txt
 create mode 100644 notes